/home/phuhv/Workspace/NoiseCancelling/1403110617_final_R2L/project/implementation/system.ngc 1436710944
/home/phuhv/Workspace/NoiseCancelling/1403110617_final_R2L/project/implementation/system_push_buttons_5bits_wrapper.ngc 1436710618
/home/phuhv/Workspace/NoiseCancelling/1403110617_final_R2L/project/implementation/system_dip_switches_8bits_wrapper.ngc 1436710618
/home/phuhv/Workspace/NoiseCancelling/1403110617_final_R2L/project/implementation/system_rs232_uart_1_wrapper.ngc 1436710618
/home/phuhv/Workspace/NoiseCancelling/1403110617_final_R2L/project/implementation/system_proc_sys_reset_0_wrapper.ngc 1436710617
/home/phuhv/Workspace/NoiseCancelling/1403110617_final_R2L/project/implementation/system_clock_generator_0_wrapper.ngc 1436710879
/home/phuhv/Workspace/NoiseCancelling/1403110617_final_R2L/project/implementation/system_digilent_ac97_cntlr_wrapper.ngc 1436710618
/home/phuhv/Workspace/NoiseCancelling/1403110617_final_R2L/project/implementation/system_digilent_ac97_cntlr_1_wrapper.ngc 1436710618
/home/phuhv/Workspace/NoiseCancelling/1403110617_final_R2L/project/implementation/system_microblaze_0_ilmb_wrapper.ngc 1436710617
/home/phuhv/Workspace/NoiseCancelling/1403110617_final_R2L/project/implementation/system_microblaze_0_dlmb_wrapper.ngc 1436710617
/home/phuhv/Workspace/NoiseCancelling/1403110617_final_R2L/project/implementation/system_mcb_ddr2_wrapper.ngc 1436710618
/home/phuhv/Workspace/NoiseCancelling/1403110617_final_R2L/project/implementation/system_axi4lite_0_wrapper.ngc 1436710883
/home/phuhv/Workspace/NoiseCancelling/1403110617_final_R2L/project/implementation/system_axi4_0_wrapper.ngc 1436710618
/home/phuhv/Workspace/NoiseCancelling/1403110617_final_R2L/project/implementation/system_microblaze_0_wrapper.ngc 1436710618
/home/phuhv/Workspace/NoiseCancelling/1403110617_final_R2L/project/implementation/system_microblaze_0_intc_wrapper.ngc 1436710617
/home/phuhv/Workspace/NoiseCancelling/1403110617_final_R2L/project/implementation/system_microblaze_0_i_bram_ctrl_wrapper.ngc 1436710617
/home/phuhv/Workspace/NoiseCancelling/1403110617_final_R2L/project/implementation/system_microblaze_0_d_bram_ctrl_wrapper.ngc 1436710617
/home/phuhv/Workspace/NoiseCancelling/1403110617_final_R2L/project/implementation/system_debug_module_wrapper.ngc 1436710618
/home/phuhv/Workspace/NoiseCancelling/1403110617_final_R2L/project/implementation/system_leds_8bits_wrapper.ngc 1436710618
/home/phuhv/Workspace/NoiseCancelling/1403110617_final_R2L/project/implementation/system_axi_timer_0_wrapper.ngc 1436710618
/home/phuhv/Workspace/NoiseCancelling/1403110617_final_R2L/project/implementation/system_nc_test_0_wrapper.ngc 1436710889
/home/phuhv/Workspace/NoiseCancelling/1403110617_final_R2L/project/implementation/system_microblaze_0_bram_block_wrapper.ngc 1436710617
OK
